[36mvite v5.4.21 [32mbuilding for production...[36m[39m
transforming...
[32mΓ£ô[39m 4786 modules transformed.
node.exe : [31mx[39m Build failed in 29.59s
At line:1 char:1
+ & "C:\Program Files\nodejs/node.exe" "C:\Program Files\nodejs/node_mo ...
+ ~~~~~~~~~~~~~~~~~~~~~~~~~~~~~~~~~~~~~~~~~~~~~~~~~~~~~~~~~~~~~~~~~~~~~
    + CategoryInfo          : NotSpecified: ([31mx[39m Build failed in 29.59s:String) [], RemoteException
    + FullyQualifiedErrorId : NativeCommandError
 
[31merror during build:
[31msrc/pages/endpoints/index.tsx (7:2): "getFunneledRowModel" is not exported by "node_modules/.pnpm/@tanstack+react-
table@8.21._d9a3d91e32e1b0b4b45e923246987805/node_modules/@tanstack/react-table/build/lib/index.mjs", imported by 
"src/pages/endpoints/index.tsx".[31m
file: [36mC:/Users/mwact/Desktop/Projects/PROJECTS/APPS/CyberSecurityTools/ReconGPT/frontend/src/pages/endpoints/index
.tsx:7:2[31m
[33m
5:   getCoreRowModel,
6:   getSortedRowModel,
7:   getFunneledRowModel,
     ^
8:   getPaginationRowModel,
9:   createColumnHelper,
[31m
    at getRollupError (file:///C:/Users/mwact/Desktop/Projects/PROJECTS/APPS/CyberSecurityTools/ReconGPT/frontend/node_
modules/.pnpm/rollup@4.61.1/node_modules/rollup/dist/es/shared/parseAst.js:317:41)
    at error (file:///C:/Users/mwact/Desktop/Projects/PROJECTS/APPS/CyberSecurityTools/ReconGPT/frontend/node_modules/.
pnpm/rollup@4.61.1/node_modules/rollup/dist/es/shared/parseAst.js:313:42)
    at Module.error (file:///C:/Users/mwact/Desktop/Projects/PROJECTS/APPS/CyberSecurityTools/ReconGPT/frontend/node_mo
dules/.pnpm/rollup@4.61.1/node_modules/rollup/dist/es/shared/node-entry.js:17391:16)
    at Module.traceVariable (file:///C:/Users/mwact/Desktop/Projects/PROJECTS/APPS/CyberSecurityTools/ReconGPT/frontend
/node_modules/.pnpm/rollup@4.61.1/node_modules/rollup/dist/es/shared/node-entry.js:17824:29)
    at ModuleScope.findVariable (file:///C:/Users/mwact/Desktop/Projects/PROJECTS/APPS/CyberSecurityTools/ReconGPT/fron
tend/node_modules/.pnpm/rollup@4.61.1/node_modules/rollup/dist/es/shared/node-entry.js:15414:39)
    at FunctionScope.findVariable (file:///C:/Users/mwact/Desktop/Projects/PROJECTS/APPS/CyberSecurityTools/ReconGPT/fr
ontend/node_modules/.pnpm/rollup@4.61.1/node_modules/rollup/dist/es/shared/node-entry.js:5682:38)
    at FunctionBodyScope.findVariable (file:///C:/Users/mwact/Desktop/Projects/PROJECTS/APPS/CyberSecurityTools/ReconGP
T/frontend/node_modules/.pnpm/rollup@4.61.1/node_modules/rollup/dist/es/shared/node-entry.js:5682:38)
    at Identifier.bind (file:///C:/Users/mwact/Desktop/Projects/PROJECTS/APPS/CyberSecurityTools/ReconGPT/frontend/node
_modules/.pnpm/rollup@4.61.1/node_modules/rollup/dist/es/shared/node-entry.js:5449:40)
    at CallExpression.bind (file:///C:/Users/mwact/Desktop/Projects/PROJECTS/APPS/CyberSecurityTools/ReconGPT/frontend/
node_modules/.pnpm/rollup@4.61.1/node_modules/rollup/dist/es/shared/node-entry.js:2831:23)
    at CallExpression.bind (file:///C:/Users/mwact/Desktop/Projects/PROJECTS/APPS/CyberSecurityTools/ReconGPT/frontend/
node_modules/.pnpm/rollup@4.61.1/node_modules/rollup/dist/es/shared/node-entry.js:12523:15)[39m
